15:46:48 **** Incremental Build of configuration Debug for project 03_timer_OC ****
make -j12 all 
arm-none-eabi-gcc "../BSP/NUCLEO-F767ZI/Src/nucleo_stm32f767xx_timer.c" -mcpu=cortex-m7 -std=gnu11 -g3 -DDEBUG -DUSE_HAL_DRIVER -DSTM32F767xx -c -I"D:/STM32F767zi_tutorials/03_timer_OC/App/Inc" -I"D:/STM32F767zi_tutorials/03_timer_OC/CMSIS/Core" -I"D:/STM32F767zi_tutorials/03_timer_OC/BSP/NUCLEO-F767ZI/Inc" -I"D:/STM32F767zi_tutorials/03_timer_OC/CMSIS/Device" -I"D:/STM32F767zi_tutorials/03_timer_OC/HAL_DRIVERS/STM32F7xx_HAL_Driver/Inc" -I"D:/STM32F767zi_tutorials/03_timer_OC/HAL_DRIVERS" -O0 -ffunction-sections -fdata-sections -Wall -fstack-usage -MMD -MP -MF"BSP/NUCLEO-F767ZI/Src/nucleo_stm32f767xx_timer.d" -MT"BSP/NUCLEO-F767ZI/Src/nucleo_stm32f767xx_timer.o" --specs=nano.specs -mfpu=fpv5-d16 -mfloat-abi=hard -mthumb -o "BSP/NUCLEO-F767ZI/Src/nucleo_stm32f767xx_timer.o"
arm-none-eabi-gcc -o "03_timer_OC.elf" @"objects.list"   -mcpu=cortex-m7 -T"D:\STM32F767zi_tutorials\03_timer_OC\STM32F767ZITX_FLASH.ld" --specs=nosys.specs -Wl,-Map="03_timer_OC.map" -Wl,--gc-sections -static --specs=nano.specs -mfpu=fpv5-d16 -mfloat-abi=hard -mthumb -Wl,--start-group -lc -lm -Wl,--end-group
Finished building target: 03_timer_OC.elf
 
arm-none-eabi-size   03_timer_OC.elf 
arm-none-eabi-objdump -h -S  03_timer_OC.elf  > "03_timer_OC.list"
arm-none-eabi-objcopy  -O binary  03_timer_OC.elf  "03_timer_OC.bin"
   text	   data	    bss	    dec	    hex	filename
  15652	    120	   1752	  17524	   4474	03_timer_OC.elf
Finished building: default.size.stdout
 
Finished building: 03_timer_OC.bin
 
Finished building: 03_timer_OC.list
 

15:46:49 Build Finished. 0 errors, 0 warnings. (took 1s.382ms)

