12:56:24 **** Incremental Build of configuration Debug for project canbus_cube ****
make -j12 all 
arm-none-eabi-gcc "../Core/Src/main.c" -mcpu=cortex-m7 -std=gnu11 -g3 -DDEBUG -DUSE_HAL_DRIVER -DSTM32F767xx -c -I../Core/Inc -I../Drivers/STM32F7xx_HAL_Driver/Inc -I../Drivers/STM32F7xx_HAL_Driver/Inc/Legacy -I../Drivers/CMSIS/Device/ST/STM32F7xx/Include -I../Drivers/CMSIS/Include -O0 -ffunction-sections -fdata-sections -Wall -fstack-usage -MMD -MP -MF"Core/Src/main.d" -MT"Core/Src/main.o" --specs=nano.specs -mfpu=fpv5-d16 -mfloat-abi=hard -mthumb -o "Core/Src/main.o"
arm-none-eabi-gcc -o "canbus_cube.elf" @"objects.list"   -mcpu=cortex-m7 -T"D:\STM32F767zi_tutorials\canbus_cube\STM32F767ZITX_FLASH.ld" --specs=nosys.specs -Wl,-Map="canbus_cube.map" -Wl,--gc-sections -static --specs=nano.specs -mfpu=fpv5-d16 -mfloat-abi=hard -mthumb -Wl,--start-group -lc -lm -Wl,--end-group
Finished building target: canbus_cube.elf
 
arm-none-eabi-size   canbus_cube.elf 
arm-none-eabi-objdump -h -S  canbus_cube.elf  > "canbus_cube.list"
arm-none-eabi-objcopy  -O binary  canbus_cube.elf  "canbus_cube.bin"
   text	   data	    bss	    dec	    hex	filename
  10224	     20	   1684	  11928	   2e98	canbus_cube.elf
Finished building: default.size.stdout
 
Finished building: canbus_cube.bin
 
Finished building: canbus_cube.list
 

12:56:25 Build Finished. 0 errors, 0 warnings. (took 1s.245ms)

